Warning: Ignoring XDG_SESSION_TYPE=wayland on Gnome. Use QT_QPA_PLATFORM=wayland to run on Wayland anyway.
[1;33mWarning [Utils.cc:132][0m [/sdf/model[@name="standard_vtol"]/link[@name="base_link"]/sensor[@name="imu_sensor"]/gz_frame_id:/home/dosan/PX4-Autopilot/Tools/simulation/gz/models/standard_vtol/model.sdf:L134]: XML Element[gz_frame_id], child of element[sensor], not defined in SDF. Copying[gz_frame_id] as children of [sensor].
[1;33mWarning [Utils.cc:132][0m [/sdf/model[@name="standard_vtol"]/link[@name="base_link"]/sensor[@name="air_pressure_sensor"]/gz_frame_id:/home/dosan/PX4-Autopilot/Tools/simulation/gz/models/standard_vtol/model.sdf:L193]: XML Element[gz_frame_id], child of element[sensor], not defined in SDF. Copying[gz_frame_id] as children of [sensor].
[1;33mWarning [Utils.cc:132][0m [/sdf/model[@name="standard_vtol"]/link[@name="base_link"]/sensor[@name="magnetometer_sensor"]/gz_frame_id:/home/dosan/PX4-Autopilot/Tools/simulation/gz/models/standard_vtol/model.sdf:L206]: XML Element[gz_frame_id], child of element[sensor], not defined in SDF. Copying[gz_frame_id] as children of [sensor].
[1;33mWarning [Utils.cc:132][0m [/sdf/model[@name="standard_vtol"]/link[@name="base_link"]/sensor[@name="navsat_sensor"]/gz_frame_id:/home/dosan/PX4-Autopilot/Tools/simulation/gz/models/standard_vtol/model.sdf:L232]: XML Element[gz_frame_id], child of element[sensor], not defined in SDF. Copying[gz_frame_id] as children of [sensor].
[1;33mWarning [Utils.cc:132][0m [/sdf/model[@name="standard_vtol"]/link[@name="base_link"]/sensor[@name="imu_sensor"]/gz_frame_id:<data-string>:L188]: XML Element[gz_frame_id], child of element[sensor], not defined in SDF. Copying[gz_frame_id] as children of [sensor].
[1;33mWarning [Utils.cc:132][0m [/sdf/model[@name="standard_vtol"]/link[@name="base_link"]/sensor[@name="air_pressure_sensor"]/gz_frame_id:<data-string>:L201]: XML Element[gz_frame_id], child of element[sensor], not defined in SDF. Copying[gz_frame_id] as children of [sensor].
[1;33mWarning [Utils.cc:132][0m [/sdf/model[@name="standard_vtol"]/link[@name="base_link"]/sensor[@name="magnetometer_sensor"]/gz_frame_id:<data-string>:L223]: XML Element[gz_frame_id], child of element[sensor], not defined in SDF. Copying[gz_frame_id] as children of [sensor].
[1;33mWarning [Utils.cc:132][0m [/sdf/model[@name="standard_vtol"]/link[@name="base_link"]/sensor[@name="navsat_sensor"]/gz_frame_id:<data-string>:L228]: XML Element[gz_frame_id], child of element[sensor], not defined in SDF. Copying[gz_frame_id] as children of [sensor].
[1;33mWarning [Utils.cc:132][0m [/sdf/model[@name="standard_vtol"]/link[@name="base_link"]/sensor[@name="imu_sensor"]/gz_frame_id:/home/dosan/PX4-Autopilot/Tools/simulation/gz/models/standard_vtol/model.sdf:L134]: XML Element[gz_frame_id], child of element[sensor], not defined in SDF. Copying[gz_frame_id] as children of [sensor].
[1;33mWarning [Utils.cc:132][0m [/sdf/model[@name="standard_vtol"]/link[@name="base_link"]/sensor[@name="air_pressure_sensor"]/gz_frame_id:/home/dosan/PX4-Autopilot/Tools/simulation/gz/models/standard_vtol/model.sdf:L193]: XML Element[gz_frame_id], child of element[sensor], not defined in SDF. Copying[gz_frame_id] as children of [sensor].
[1;33mWarning [Utils.cc:132][0m [/sdf/model[@name="standard_vtol"]/link[@name="base_link"]/sensor[@name="magnetometer_sensor"]/gz_frame_id:/home/dosan/PX4-Autopilot/Tools/simulation/gz/models/standard_vtol/model.sdf:L206]: XML Element[gz_frame_id], child of element[sensor], not defined in SDF. Copying[gz_frame_id] as children of [sensor].
[1;33mWarning [Utils.cc:132][0m [/sdf/model[@name="standard_vtol"]/link[@name="base_link"]/sensor[@name="navsat_sensor"]/gz_frame_id:/home/dosan/PX4-Autopilot/Tools/simulation/gz/models/standard_vtol/model.sdf:L232]: XML Element[gz_frame_id], child of element[sensor], not defined in SDF. Copying[gz_frame_id] as children of [sensor].
[1;33mWarning [Utils.cc:132][0m [/sdf/model[@name="standard_vtol"]/link[@name="base_link"]/sensor[@name="imu_sensor"]/gz_frame_id:<data-string>:L188]: XML Element[gz_frame_id], child of element[sensor], not defined in SDF. Copying[gz_frame_id] as children of [sensor].
[1;33mWarning [Utils.cc:132][0m [/sdf/model[@name="standard_vtol"]/link[@name="base_link"]/sensor[@name="air_pressure_sensor"]/gz_frame_id:<data-string>:L201]: XML Element[gz_frame_id], child of element[sensor], not defined in SDF. Copying[gz_frame_id] as children of [sensor].
[1;33mWarning [Utils.cc:132][0m [/sdf/model[@name="standard_vtol"]/link[@name="base_link"]/sensor[@name="magnetometer_sensor"]/gz_frame_id:<data-string>:L223]: XML Element[gz_frame_id], child of element[sensor], not defined in SDF. Copying[gz_frame_id] as children of [sensor].
[1;33mWarning [Utils.cc:132][0m [/sdf/model[@name="standard_vtol"]/link[@name="base_link"]/sensor[@name="navsat_sensor"]/gz_frame_id:<data-string>:L228]: XML Element[gz_frame_id], child of element[sensor], not defined in SDF. Copying[gz_frame_id] as children of [sensor].
/usr/lib/ruby/gz/cmdsim8.rb:201:in `kill': No such process (Errno::ESRCH)
	from /usr/lib/ruby/gz/cmdsim8.rb:201:in `killProcess'
	from /usr/lib/ruby/gz/cmdsim8.rb:569:in `handle_signal'
	from /usr/lib/ruby/gz/cmdsim8.rb:579:in `block in execute'
	from /usr/lib/ruby/gz/cmdsim8.rb:584:in `wait2'
	from /usr/lib/ruby/gz/cmdsim8.rb:584:in `execute'
	from /usr/bin/gz:316:in `<main>'
